/*------------------------
SELECT t1.TABLE_NAME, t1.COLUMN_NAME AS log_10,	t2.TABLE_NAME, t2.COLUMN_NAME AS log_12
FROM INFORMATION_SCHEMA.COLUMNS AS t1
INNER JOIN (
	SELECT *
	FROM INFORMATION_SCHEMA.COLUMNS
	WHERE TABLE_NAME = 'btfl_012b') AS t2
	ON (t1.ORDINAL_POSITION = t2.ORDINAL_POSITION)
	WHERE t1.TABLE_NAME = 'btfl_010b';
------------------------*/
TABLE_NAME                     log_10                         TABLE_NAME                     log_12
------------------------------ ------------------------------ ------------------------------ ------------------------------
btfl_010b                      "accSmooth 0 "                 btfl_012b                      "accSmooth 0 "
btfl_010b                      "accSmooth 1 "                 btfl_012b                      "accSmooth 1 "
btfl_010b                      "accSmooth 2 "                 btfl_012b                      "accSmooth 2 "
btfl_010b                      "amperageLatest"               btfl_012b                      "amperageLatest"
btfl_010b                      "axisD 0 "                     btfl_012b                      "axisD 0 "
btfl_010b                      "axisD 1 "                     btfl_012b                      "axisD 1 "
btfl_010b                      "axisError 0 "                 btfl_012b                      "axisError 0 "
btfl_010b                      "axisError 1 "                 btfl_012b                      "axisError 1 "
btfl_010b                      "axisError 2 "                 btfl_012b                      "axisError 2 "
btfl_010b                      "axisF 0 "                     btfl_012b                      "axisF 0 "
btfl_010b                      "axisF 1 "                     btfl_012b                      "axisF 1 "
btfl_010b                      "axisF 2 "                     btfl_012b                      "axisF 2 "
btfl_010b                      "axisI 0 "                     btfl_012b                      "axisI 0 "
btfl_010b                      "axisI 1 "                     btfl_012b                      "axisI 1 "
btfl_010b                      "axisI 2 "                     btfl_012b                      "axisI 2 "
btfl_010b                      "axisP 0 "                     btfl_012b                      "axisP 0 "
btfl_010b                      "axisP 1 "                     btfl_012b                      "axisP 1 "
btfl_010b                      "axisP 2 "                     btfl_012b                      "axisP 2 "
btfl_010b                      "axisSum 0 "                   btfl_012b                      "axisSum 0 "
btfl_010b                      "axisSum 1 "                   btfl_012b                      "axisSum 1 "
btfl_010b                      "axisSum 2 "                   btfl_012b                      "axisSum 2 "
btfl_010b                      "failsafePhase"                btfl_012b                      "failsafePhase"
btfl_010b                      "flightModeFlags"              btfl_012b                      "flightModeFlags"
btfl_010b                      "gyroADC 0 "                   btfl_012b                      "gyroADC 0 "
btfl_010b                      "gyroADC 1 "                   btfl_012b                      "gyroADC 1 "
btfl_010b                      "gyroADC 2 "                   btfl_012b                      "gyroADC 2 "
btfl_010b                      "heading 0 "                   btfl_012b                      "heading 0 "
btfl_010b                      "heading 1 "                   btfl_012b                      "heading 1 "
btfl_010b                      "heading 2 "                   btfl_012b                      "heading 2 "
btfl_010b                      "loopIteration"                btfl_012b                      "loopIteration"
btfl_010b                      "motor 0 "                     btfl_012b                      "motor 0 "
btfl_010b                      "motor 1 "                     btfl_012b                      "motor 1 "
btfl_010b                      "motor 2 "                     btfl_012b                      "motor 2 "
btfl_010b                      "motor 3 "                     btfl_012b                      "motor 3 "
btfl_010b                      "rcCommand 0 "                 btfl_012b                      "rcCommand 0 "
btfl_010b                      "rcCommand 1 "                 btfl_012b                      "rcCommand 1 "
btfl_010b                      "rcCommand 2 "                 btfl_012b                      "rcCommand 2 "
btfl_010b                      "rcCommand 3 "                 btfl_012b                      "rcCommand 3 "
btfl_010b                      "rcCommands 0 "                btfl_012b                      "rcCommands 0 "
btfl_010b                      "rcCommands 1 "                btfl_012b                      "rcCommands 1 "
btfl_010b                      "rcCommands 2 "                btfl_012b                      "rcCommands 2 "
btfl_010b                      "rcCommands 3 "                btfl_012b                      "rcCommands 3 "
btfl_010b                      "rssi"                         btfl_012b                      "rssi"
btfl_010b                      "rxFlightChannelsValid"        btfl_012b                      "rxFlightChannelsValid"
btfl_010b                      "rxSignalReceived"             btfl_012b                      "rxSignalReceived"
btfl_010b                      "setpoint 0 "                  btfl_012b                      "setpoint 0 "
btfl_010b                      "setpoint 1 "                  btfl_012b                      "setpoint 1 "
btfl_010b                      "setpoint 2 "                  btfl_012b                      "setpoint 2 "
btfl_010b                      "setpoint 3 "                  btfl_012b                      "setpoint 3 "
btfl_010b                      "stateFlags"                   btfl_012b                      "stateFlags"
btfl_010b                      "time"                         btfl_012b                      "time"
btfl_010b                      "vbatLatest"                   btfl_012b                      "vbatLatest"

(52 rows affected)


Completion time: 2021-07-19T21:32:09.3721826+10:00
